To honour the JVM settings for this build a single-use Daemon process will be forked. For more on this, please refer to https://docs.gradle.org/9.2.1/userguide/gradle_daemon.html#sec:disabling_the_daemon in the Gradle documentation.
Daemon will be stopped at the end of the build 

> Task :tasks

------------------------------------------------------------
Tasks runnable from root project 'hometown'
------------------------------------------------------------

Build tasks
-----------
assemble - Assembles the outputs of this project.
build - Assembles and tests this project.
buildDependents - Assembles and tests this project and all projects that depend on it.
buildNeeded - Assembles and tests this project and all projects it depends on.
classes - Assembles main classes.
clean - Deletes the build directory.
jar - Assembles a jar archive containing the classes of the 'main' feature.
sourcesJar - Assembles a jar archive containing the main sources.
testClasses - Assembles test classes.

Build Setup tasks
-----------------
init - Initializes a new Gradle build.
updateDaemonJvm - Generates or updates the Gradle Daemon JVM criteria.
wrapper - Generates Gradle wrapper files.

Documentation tasks
-------------------
javadoc - Generates Javadoc API documentation for the 'main' feature.

Help tasks
----------
artifactTransforms - Displays the Artifact Transforms that can be executed in root project 'hometown'.
buildEnvironment - Displays all buildscript dependencies declared in root project 'hometown'.
dependencies - Displays all dependencies declared in root project 'hometown'.
dependencyInsight - Displays the insight into a specific dependency in root project 'hometown'.
help - Displays a help message.
javaToolchains - Displays the detected java toolchains.
outgoingVariants - Displays the outgoing variants of root project 'hometown'.
projects - Displays the sub-projects of root project 'hometown'.
properties - Displays the properties of root project 'hometown'.
resolvableConfigurations - Displays the configurations that can be resolved in root project 'hometown'.
tasks - Displays the tasks runnable from root project 'hometown'.

Mod development tasks
---------------------
createLaunchScripts - Creates batch files/shell scripts to launch the game from outside of Gradle (i.e. Renderdoc, NVidia Nsight, etc.)
downloadAssets - Downloads the Minecraft assets and asset index needed to run a Minecraft client or generate client-side resources.
runClient - Runs the client Minecraft run configuration.
runServer - Runs the server Minecraft run configuration.

Mod development/internal tasks
------------------------------
createClientLaunchScript - Creates a bash/shell-script to launch the client Minecraft run from outside Gradle or your IDE.
createMinecraftArtifacts - Creates the NeoForge and Minecraft artifacts by invoking NFRT.
createServerLaunchScript - Creates a bash/shell-script to launch the server Minecraft run from outside Gradle or your IDE.
jarJar - Creates the directory structure and metadata needed to embed other Jar files.
neoForgeIdeSync - A utility task that is used to create necessary files when the Gradle project is synchronized with the IDE project.
prepareClientRun - Prepares all files needed to launch the client Minecraft run.
prepareNeoForgeTestFiles - Prepares all files needed to run the JUnit test task.
prepareServerRun - Prepares all files needed to launch the server Minecraft run.
testJarJar - Creates the directory structure and metadata needed to embed other Jar files.
writeClientLegacyClasspath - Writes the legacyClasspath file for the client Minecraft run, containing all dependencies that shouldn't be considered boot modules.
writeNeoForgeTestClasspath - Writes the legacyClasspath file for the test run, containing all dependencies that shouldn't be considered boot modules.
writeServerLegacyClasspath - Writes the legacyClasspath file for the server Minecraft run, containing all dependencies that shouldn't be considered boot modules.

Verification tasks
------------------
check - Runs all checks.
test - Runs the test suite.

Other tasks
-----------
compileJava - Compiles main Java source.
compileTestJava - Compiles test Java source.
copyAccessTransformersPublications
copyInterfaceInjectionDataPublications
prepareKotlinBuildScriptModel
processResources - Processes main resources.
processTestResources - Processes test resources.

Rules
-----
Pattern: clean<TaskName>: Cleans the output files of a task.
Pattern: build<ConfigurationName>: Assembles the artifacts of a configuration.

BUILD SUCCESSFUL in 5s
1 actionable task: 1 executed
Consider enabling configuration cache to speed up this build: https://docs.gradle.org/9.2.1/userguide/configuration_cache_enabling.html
